
[36mabi[0m

running 9 tests
test tests::an_argument_that_does_not_decode_ends_the_call_before_the_handler ... ok
test tests::error_codes_are_distinct ... ok
test tests::dispatch_decodes_arguments_in_order_and_calls_the_named_method ... ok
test tests::every_number_in_the_table_reaches_a_method_and_no_other_does ... ok
test tests::the_rights_a_program_names_are_bits_of_one_mask ... ok
test tests::the_waiting_calls_take_all_six_registers_where_they_need_them ... ok
test tests::the_construction_calls_take_the_arguments_the_abi_documents ... ok
test tests::numbers_are_unique_and_the_table_agrees_with_them ... ok
test tests::results_round_trip_through_the_two_registers ... ok

test result: ok. 9 passed; 0 failed; 0 ignored; 0 measured; 0 filtered out; finished in 0.00s


[36macpi[0m

running 27 tests
test tests::a_broken_xsdt_is_an_error_even_with_a_good_rsdt ... ok
test tests::asking_for_the_wrong_kind_of_table_is_an_error ... ok
test tests::a_zero_length_madt_entry_ends_the_walk_with_an_error ... ok
test tests::an_unknown_madt_entry_is_skipped_and_the_walk_continues ... ok
test tests::an_unknown_dmar_structure_is_skipped_and_later_units_are_still_found ... ok
test tests::a_dmar_structure_with_a_bad_length_ends_the_walk_with_an_error ... ok
test tests::a_length_that_runs_past_readable_memory_is_unreadable ... ok
test tests::a_local_apic_address_override_wins_over_the_header ... ok
test tests::a_bios_scan_looks_in_the_ebda_first ... ok
test tests::a_revision_2_rsdp_must_carry_a_good_extended_checksum ... ok
test tests::a_broken_table_before_the_one_wanted_is_reported ... ok
test tests::an_mcfg_with_an_inverted_bus_range_or_a_partial_entry_is_refused ... ok
test tests::a_madt_entry_shorter_than_its_type_or_past_the_end_is_malformed ... ok
test tests::processor_flags_distinguish_enabled_from_online_capable ... ok
test tests::pc_under_seabios_has_no_mcfg ... ok
test tests::ovmf_publishes_a_revision_2_rsdp_and_the_xsdt_is_the_root ... ok
test tests::q35_under_seabios_publishes_an_rsdt_with_madt_and_mcfg ... ok
test tests::root_tables_with_too_many_entries_are_refused ... ok
test tests::the_q35_mcfg_is_one_segment_of_256_buses ... ok
test tests::the_dmar_names_one_remapping_unit_at_qemus_register_base ... ok
test tests::the_iommu_machine_publishes_a_dmar_the_others_do_not ... ok
test tests::the_madt_lists_both_processors_and_the_ioapic ... ok
test tests::the_fadt_names_the_pm_timer ... ok
test tests::a_bios_scan_finds_the_rsdp_on_a_16_byte_boundary_past_a_false_signature ... ok
test tests::a_truncated_table_is_an_error_never_a_panic ... ok
test tests::fuzzed_tables_with_valid_checksums_never_panic_or_loop ... ok
test tests::every_single_byte_change_to_any_table_is_caught_by_its_checksum ... ok

test result: ok. 27 passed; 0 failed; 0 ignored; 0 measured; 0 filtered out; finished in 2.97s


[36mhal[0m

running 16 tests
test addr::tests::align_up_overflow_is_reported_not_wrapped ... ok
test addr::tests::alignment_rounds_both_ways ... ok
test addr::tests::diff_measures_distance ... ok
test addr::tests::offset_within_a_page ... ok
test mock::tests::irq_state_round_trips ... ok
test paging::tests::a_guard_hit_names_its_slot_and_a_stack_address_is_not_one ... ok
test mock::tests::irqchip_tracks_enable_and_eoi ... ok
test paging::tests::a_slot_that_is_not_a_power_of_two_describes_nothing ... ok
test addr::tests::physical_addresses_exceed_pointer_width ... ok
test mock::tests::the_two_profiles_differ_where_it_matters ... ok
test addr::tests::truncation_reports_loss ... ok
test paging::tests::contains_and_intersects_are_not_the_same_question ... ok
test paging::tests::flag_sets_are_what_they_say ... ok
test paging::tests::debug_names_the_bits ... ok
test paging::tests::stack_array_geometry ... ok
test paging::tests::without_removes_and_union_adds ... ok

test result: ok. 16 passed; 0 failed; 0 ignored; 0 measured; 0 filtered out; finished in 0.00s


[36mboot_protocol[0m

running 24 tests
test tests::a_buffer_too_small_is_reported_not_overrun ... ok
test tests::a_command_line_round_trips_and_its_absence_is_not_an_empty_line ... ok
test tests::a_corrupt_header_is_named ... ok
test tests::a_built_structure_parses_back ... ok
test tests::a_full_map_refuses_rather_than_dropping_a_region ... ok
test tests::a_memory_map_with_a_ragged_entry_is_malformed ... ok
test tests::a_newer_loaders_longer_header_is_stepped_over ... ok
test tests::a_larger_region_entry_is_read_by_its_prefix ... ok
test tests::a_gap_or_a_different_kind_keeps_regions_apart ... ok
test tests::a_tag_whose_size_runs_past_the_end_is_malformed ... ok
test tests::a_stream_without_an_end_tag_is_malformed ... ok
test tests::a_uefi_runtime_tag_round_trips_and_a_short_one_is_malformed ... ok
test tests::adjacent_regions_of_one_kind_merge_whatever_order_they_arrive_in ... ok
test tests::an_entry_outside_the_image_or_from_a_newer_protocol_is_refused ... ok
test tests::an_image_without_the_note_is_refused_by_name ... ok
test tests::closing_a_map_returns_its_unused_capacity ... ok
test tests::an_overlong_command_line_is_refused_by_both_sides ... ok
test tests::an_image_yields_its_segments_extent_and_entry ... ok
test tests::every_tag_is_eight_byte_aligned_and_padding_is_zero ... ok
test tests::the_boot_counter_is_named_in_terminated_ucs2_and_its_call_space_is_reserved ... ok
test tests::uefi_descriptors_become_byte_regions ... ok
test tests::uefi_types_translate_to_what_the_kernel_may_do_with_them ... ok
test tests::unknown_tags_are_skipped ... ok
test tests::malformed_images_are_errors_not_panics ... ok

test result: ok. 24 passed; 0 failed; 0 ignored; 0 measured; 0 filtered out; finished in 0.00s


[36mfdt[0m

running 48 tests
test tests::a_cut_inside_a_property_value_is_truncation_at_that_property ... ok
test tests::a_bad_magic_is_rejected_first ... ok
test tests::a_disabled_memory_node_is_not_ram_but_a_disabled_reservation_still_reserves ... ok
test tests::a_node_name_running_off_the_structure_block_is_rejected ... ok
test tests::a_property_name_running_off_the_strings_block_is_rejected ... ok
test tests::a_region_past_the_top_of_the_address_space_is_rejected ... ok
test tests::a_property_name_offset_out_of_range_is_rejected ... ok
test tests::a_dynamic_reservation_without_reg_reserves_nothing_fixed ... ok
test tests::a_malformed_cell_count_is_reported_only_where_it_is_used ... ok
test tests::a_cut_at_each_token_boundary_names_the_end_of_the_block ... ok
test tests::a_totalsize_larger_than_the_buffer_is_truncation ... ok
test tests::a_reg_that_is_not_a_whole_number_of_entries_is_rejected ... ok
test tests::a_reservation_block_without_a_terminator_is_rejected ... ok
test tests::a_sibling_does_not_inherit_an_earlier_siblings_cells ... ok
test tests::a_structure_of_only_nops_ends_at_the_block_not_beyond ... ok
test tests::a_tree_with_no_memory_is_an_error_not_an_empty_map ... ok
test tests::a_totalsize_smaller_than_the_header_is_rejected ... ok
test tests::a_valid_tree_yields_its_memory_and_every_reservation ... ok
test tests::an_unknown_token_is_rejected ... ok
test tests::absent_cell_counts_take_the_specification_defaults_of_two_and_one ... ok
test tests::a_zero_size_cell_count_yields_nothing_usable ... ok
test tests::block_offsets_outside_totalsize_are_rejected ... ok
test tests::cell_counts_that_cannot_describe_a_region_are_rejected ... ok
test tests::bootargs_are_read_from_chosen_and_only_from_chosen ... ok
test tests::cells_come_from_the_parent_not_the_root_and_not_the_node_itself ... ok
test tests::memory_nodes_count_only_as_children_of_the_root ... ok
test tests::a_strings_block_cut_short_is_rejected ... ok
test tests::nops_anywhere_are_skipped ... ok
test tests::one_one_cells_as_on_a_raspberry_pi_3 ... ok
test tests::properties_must_belong_to_a_node_and_precede_its_subnodes ... ok
test tests::the_header_is_decoded_as_written ... ok
test tests::trailing_bytes_past_totalsize_are_ignored ... ok
test tests::unsupported_versions_are_rejected ... ok
test tests::every_truncated_buffer_is_rejected_without_a_fault ... ok
test tests::device_type_may_follow_reg_within_the_node ... ok
test tests::only_device_type_memory_makes_ram ... ok
test tests::tokens_walk_the_tree_in_order_with_depths ... ok
test tests::running_out_of_output_is_reported_not_truncated ... ok
test tests::unbalanced_structure_is_rejected ... ok
test tests::two_one_cells ... ok
test tests::nesting_deeper_than_any_real_tree_is_rejected ... ok
test tests::wide_cells_are_accepted_when_the_value_fits ... ok
test tests::zero_length_regions_are_omitted_but_nonzero_reservations_kept ... ok
test tests::the_real_qemu_virt_tree_parses ... ok
test tests::a_structure_block_cut_at_any_byte_is_rejected ... ok
test tests::every_error_names_an_offset_inside_the_blob ... ok
test tests::corrupting_any_single_byte_never_faults ... ok
test tests::random_corruption_never_faults ... ok

test result: ok. 48 passed; 0 failed; 0 ignored; 0 measured; 0 filtered out; finished in 0.17s


[36mdevice[0m

running 72 tests
test fifo::tests::bytes_come_back_in_order ... ok
test msi_tests::a_vector_specifier_round_trips_and_a_line_is_not_a_vector ... ok
test msi_tests::a_bus_master_keeps_the_rest_of_its_command_register ... ok
test fifo::tests::a_full_queue_drops_the_newest_and_counts_it ... ok
test fifo::tests::indices_wrap_without_losing_order ... ok
test msi_tests::another_capability_is_not_mistaken_for_msix_or_msi ... ok
test msi_tests::a_table_that_does_not_fit_its_window_is_refused ... ok
test msi_tests::an_msix_capability_decodes_its_table_size_as_n_minus_one ... ok
test msi_tests::enabling_msix_clears_the_function_mask_and_keeps_the_list_pointer ... ok
test msi_tests::enabling_msix_on_a_function_that_ignores_it_reports_failure ... ok
test msi_tests::msi_is_disabled_while_its_message_changes ... ok
test msi_tests::a_message_is_written_only_to_a_masked_entry ... ok
test msi_tests::an_entry_past_the_table_is_neither_read_nor_written ... ok
test msi_tests::msi_puts_the_data_register_where_the_address_width_says ... ok
test msi_tests::msi_refuses_a_64_bit_address_it_cannot_hold ... ok
test msi_tests::an_msix_table_in_a_reserved_bar_is_refused ... ok
test msi_tests::retargeting_masks_writes_and_unmasks ... ok
test pci_tests::a_bar_left_disturbed_is_caught ... ok
test pci_tests::a_capability_pointer_inside_the_header_is_refused ... ok
test pci_tests::a_looping_capability_list_is_read_once_rather_than_for_ever ... ok
test pci_tests::a_bridge_outside_the_segment_is_not_followed ... ok
test pci_tests::a_single_function_device_is_not_probed_past_function_0 ... ok
test pci_tests::an_empty_bus_has_no_functions ... ok
test pci_tests::a_capability_list_is_walked_in_order ... ok
test pci_tests::a_function_reports_its_msix_table_through_enumeration ... ok
test pci_tests::a_function_without_the_status_bit_is_not_read_for_capabilities ... ok
test pci_tests::capabilities_stop_when_the_callers_slice_fills ... ok
test fifo::tests::a_producer_and_a_consumer_in_two_threads_lose_nothing ... ok
test pci_tests::described_devices_carry_their_windows_and_a_compatible_per_kind ... ok
test pci_tests::a_pci_node_has_an_interrupt_only_when_firmware_routed_its_pin ... ok
test pci_tests::a_function_with_no_assigned_bar_has_no_window_to_claim ... ok
test pci_tests::a_vector_is_claimed_only_where_the_platform_delivers_messages ... ok
test pci_tests::bars_are_sized_exactly ... ok
test pci_tests::enumeration_records_a_capability_structure_for_the_driver_to_read ... ok
test pci_tests::every_function_is_found_including_behind_the_bridge ... ok
test pci_tests::identity_and_compatible_strings ... ok
test pci_tests::functions_become_nodes_under_their_bridges_and_bind_by_compatible ... ok
test pci_tests::misprogrammed_bridges_cannot_loop_the_walk ... ok
test pci_tests::msi_without_msix_is_one_vector_and_a_function_with_neither_has_none ... ok
test pci_tests::running_out_of_storage_is_an_error_not_a_partial_bus ... ok
test pci_tests::msix_vectors_are_claimed_up_to_the_table_size_and_once_each ... ok
test pci_tests::the_builder_refuses_unknown_parents_and_full_storage ... ok
test port_tests::a_declared_device_carries_its_ports_and_its_line ... ok
test pci_tests::sizing_restores_every_bar_and_the_decode_bits ... ok
test port_tests::a_machine_with_no_port_space_grants_no_ports ... ok
test port_tests::port_ranges_are_claimed_exclusively ... ok
test ports::tests::a_range_at_the_top_of_the_space_does_not_wrap ... ok
test ports::tests::access_outside_the_range_is_refused ... ok
test tests::a_boot_cell_is_written_once_and_never_again ... ok
test tests::a_leaked_handle_cannot_release_a_reused_slot ... ok
test tests::a_truncated_blob_is_refused_by_the_parser_first ... ok
test tests::a_failed_probe_releases_what_it_claimed ... ok
test tests::cell_counts_are_not_inherited ... ok
test tests::a_failed_start_hands_the_bound_token_back ... ok
test tests::clocks_skip_each_providers_specifier_cells ... ok
test tests::overlapping_windows_are_refused_and_name_the_holder ... ok
test tests::interrupt_parents_that_cannot_take_a_specifier ... ok
test tests::ranges_translate_through_every_bus ... ok
test tests::interrupt_parent_is_inherited ... ok
test tests::stdout_resolves_an_alias_and_drops_options ... ok
test tests::the_most_specific_compatible_wins ... ok
test tests::malformed_properties_fail_only_the_question_that_needs_them ... ok
test tests::phases_gate_handlers_and_carry_through_power_transitions ... ok
test tests::window_edges ... ok
test tests::too_many_nodes_is_an_error_not_a_truncated_tree ... ok
test tests::registers_stay_inside_their_window ... ok
test tests::virt_cpu_reg_is_not_an_address ... ok
test tests::virt_v2_is_told_apart_by_compatible ... ok
test tests::virt_v3_windows_and_console ... ok
test tests::property_reads_what_the_model_does_not_record ... ok
test tests::every_node_of_both_machines_is_asked_every_question_without_panicking ... ok
test tests::virt_smp_cpus_are_read_by_identifier_not_as_windows ... ok

test result: ok. 72 passed; 0 failed; 0 ignored; 0 measured; 0 filtered out; finished in 0.00s


[36mapic[0m

running 23 tests
test msi_tests::a_destination_the_address_cannot_carry_is_refused_not_truncated ... ok
test msi_tests::a_message_names_the_destination_in_bits_19_to_12_and_the_vector_in_the_data ... ok
test msi_tests::a_message_decodes_back_to_its_destination_and_vector ... ok
test msi_tests::an_exception_vector_is_refused ... ok
test tests::a_cpu_that_does_not_start_gets_a_second_startup_ipi ... ok
test tests::a_gsi_is_found_on_the_io_apic_that_serves_it ... ok
test tests::a_refused_command_stops_the_sequence ... ok
test tests::an_isa_irq_without_an_override_is_its_own_gsi_edge_high ... ok
test tests::arming_programs_one_shot_and_periodic_modes ... ok
test tests::an_unmeasured_timer_arms_nothing ... ok
test tests::enabling_irq0_unmasks_gsi2_on_vector_32_for_the_boot_cpu ... ok
test tests::eoi_and_ipis_go_to_the_local_apic ... ok
test tests::construction_masks_every_entry_and_prepares_the_boot_cpu ... ok
test tests::init_cpu_reports_the_calling_cpus_id ... ok
test tests::interrupts_past_isa_are_not_routed ... ok
test tests::overrides_move_the_timer_and_set_level_lines ... ok
test tests::redirection_entries_put_every_field_where_the_datasheet_does ... ok
test tests::starting_a_cpu_sends_init_then_one_startup_when_the_first_works ... ok
test tests::timer_counts_round_up_and_are_never_zero ... ok
test tests::timer_rates_come_from_the_clock ... ok
test tests::too_many_overrides_are_refused ... ok
test tests::calibration_measures_the_rate_against_the_clock ... ok
test tests::a_stopped_clock_fails_calibration ... ok

test result: ok. 23 passed; 0 failed; 0 ignored; 0 measured; 0 filtered out; finished in 0.48s


[36munwind[0m

running 19 tests
test tests::a_frame_pointer_at_the_top_of_the_address_space_does_not_wrap ... ok
test tests::a_frame_that_points_at_itself_terminates ... ok
test tests::a_frame_pointer_below_the_stack_is_outside_it ... ok
test tests::a_long_increasing_chain_hits_the_depth_limit ... ok
test tests::a_record_straddling_the_top_of_the_stack_is_outside_it ... ok
test tests::a_record_below_the_bottom_of_the_stack_is_outside_it ... ok
test tests::an_unreadable_frame_is_reported_not_crossed ... ok
test tests::a_thread_stack_walk_is_confined_to_its_own_slot ... ok
test tests::a_misaligned_frame_pointer_stops_before_reading ... ok
test tests::looping_stack_terminates ... ok
test tests::records_below_the_frame_pointer ... ok
test tests::a_null_frame_pointer_is_an_empty_backtrace ... ok
test tests::corrupted_saved_frame_pointer_leaves_the_stack ... ok
test tests::region_refuses_reads_outside_it ... ok
test tests::stacks_exclude_a_guard_inside_the_data ... ok
test tests::stacks_keep_all_data_when_the_guard_is_outside_it ... ok
test tests::synthetic_stack_32 ... ok
test tests::synthetic_stack_64 ... ok
test tests::the_boot_stack_piece_stops_short_of_the_thread_stacks ... ok

test result: ok. 19 passed; 0 failed; 0 ignored; 0 measured; 0 filtered out; finished in 0.00s


[36mblock[0m

running 16 tests
test testdisk::tests::the_pinned_bytes_are_what_the_pattern_gives ... ok
test testdisk::tests::big_bin_is_not_the_sector_pattern ... ok
test testdisk::tests::a_header_round_trips_and_a_wrong_one_is_refused ... ok
test testdisk::tests::neighbouring_sectors_and_offsets_differ ... ok
test tests::a_full_queue_is_an_error_and_stays_usable ... ok
test tests::a_geometry_a_device_cannot_have_is_refused_at_its_source ... ok
test tests::a_range_is_checked_against_the_device_not_the_buffer ... ok
test tests::a_device_that_takes_no_blocks_is_an_error_not_an_endless_loop ... ok
test testdisk::tests::the_regions_are_contiguous_and_the_pinned_sectors_are_the_pattern ... ok
test tests::a_ticket_for_a_reused_slot_names_the_old_request ... ok
test tests::a_failing_device_is_an_error_at_the_piece_that_failed ... ok
test tests::a_request_in_flight_is_pending_not_successful ... ok
test tests::completing_twice_is_refused ... ok
test tests::the_books_balance_through_submission_completion_and_draining ... ok
test tests::a_transfer_larger_than_the_device_takes_is_split_and_covers_the_buffer_exactly ... ok
test tests::what_was_written_reads_back_across_a_split ... ok

test result: ok. 16 passed; 0 failed; 0 ignored; 0 measured; 0 filtered out; finished in 0.00s


[36mbcache[0m

running 10 tests
test tests::storage_that_does_not_describe_whole_blocks_is_refused ... ok
test tests::a_write_is_what_the_next_read_sees ... ok
test tests::a_read_across_blocks_is_assembled_from_each ... ok
test tests::a_second_read_of_a_block_does_not_reach_the_device ... ok
test tests::a_read_the_device_refuses_leaves_no_slot_claiming_that_block ... ok
test tests::misaligned_block_operations_are_refused ... ok
test tests::a_write_the_device_refuses_does_not_change_the_cached_copy ... ok
test tests::every_miss_reads_the_device_exactly_once ... ok
test tests::the_least_recently_used_slot_is_the_one_replaced ... ok
test tests::the_books_catch_two_slots_holding_one_block ... ok

test result: ok. 10 passed; 0 failed; 0 ignored; 0 measured; 0 filtered out; finished in 0.00s


[36mmultiboot[0m

running 7 tests
test tests::absent_memory_map_is_an_error_not_a_guess ... ok
test tests::a_zero_size_entry_ends_the_walk_instead_of_looping ... ok
test tests::a_truncated_trailing_entry_is_dropped_not_read ... ok
test tests::rejects_a_wrong_magic ... ok
test tests::unknown_kinds_become_reserved_never_usable ... ok
test tests::walks_every_entry_and_translates_kinds ... ok
test tests::simple_memory_is_reported_only_when_flagged ... ok

test result: ok. 7 passed; 0 failed; 0 ignored; 0 measured; 0 filtered out; finished in 0.00s


[36mbootinfo[0m

running 2 tests
test tests::a_boot_module_is_carved_out_of_usable_memory_in_whole_pages ... ok
test tests::the_loaders_image_path_is_dropped_and_arguments_are_kept ... ok

test result: ok. 2 passed; 0 failed; 0 ignored; 0 measured; 0 filtered out; finished in 0.00s


[36mcmdline[0m

running 6 tests
test tests::an_unknown_or_repeated_mode_is_an_error_not_a_guess ... ok
test tests::the_mode_defaults_to_normal_and_is_read_from_mode ... ok
test tests::compose_writes_what_parse_reads_back ... ok
test tests::unknown_keys_are_kept_for_whoever_reads_them ... ok
test tests::malformed_lines_name_the_offending_byte ... ok
test tests::flags_values_and_quoted_values ... ok

test result: ok. 6 passed; 0 failed; 0 ignored; 0 measured; 0 filtered out; finished in 0.00s


[36melf[0m

running 14 tests
test tests::a_well_formed_program_parses_and_lists_its_segments ... ok
test tests::a_note_that_is_a_prefix_of_the_name_does_not_match ... ok
test tests::a_segment_outside_the_user_range_is_refused ... ok
test tests::a_kintane_note_is_found_and_another_owners_is_not ... ok
test tests::the_program_headers_address_follows_linuxs_rule ... ok
test tests::writable_and_executable_is_refused ... ok
test tests::the_entry_must_be_in_an_executable_segment ... ok
test tests::too_many_segments_is_an_error_not_a_truncated_list ... ok
test tests::corrupt_notes_never_panic_and_never_match ... ok
test tests::wrong_kind_of_file_is_refused ... ok
test tests::no_loadable_memory_is_an_error ... ok
test tests::two_segments_in_one_page_are_refused ... ok
test tests::more_file_than_memory_and_truncation_are_errors ... ok
test tests::garbage_never_panics ... ok

test result: ok. 14 passed; 0 failed; 0 ignored; 0 measured; 0 filtered out; finished in 0.03s


[36mvfs[0m

running 13 tests
test tests::a_closed_handle_does_not_name_the_file_that_takes_its_slot ... ok
test tests::a_mount_cannot_be_removed_while_a_file_on_it_is_open ... ok
test tests::a_path_that_is_not_a_path_is_refused ... ok
test tests::a_directory_is_not_read_as_a_file_and_lists_its_entries ... ok
test tests::read_all_refuses_a_file_shorter_than_its_own_length ... ok
test tests::redundant_separators_and_dot_name_the_same_node ... ok
test tests::seeking_moves_where_the_next_read_starts ... ok
test tests::the_open_table_fills_and_reports_it ... ok
test tests::writing_extends_a_file_up_to_its_storage_and_no_further ... ok
test tests::the_longest_mount_prefix_wins_and_shadows_the_root ... ok
test tests::a_path_walks_to_the_file_it_names ... ok
test tests::read_all_fills_a_buffer_or_says_why_not ... ok
test tests::mounting_refuses_a_prefix_that_is_not_one ... ok

test result: ok. 13 passed; 0 failed; 0 ignored; 0 measured; 0 filtered out; finished in 0.00s


[36mfat[0m

running 17 tests
test tests::a_deleted_entry_is_skipped_and_a_never_used_one_ends_the_directory ... ok
test tests::a_directory_is_not_a_file_and_a_file_is_not_a_directory ... ok
test tests::a_chain_that_loops_is_refused_rather_than_walked_for_ever ... ok
test tests::a_chain_entry_outside_the_volume_is_refused ... ok
test tests::a_file_of_many_clusters_reads_back_at_every_offset ... ok
test tests::a_file_in_the_root_reads_back ... ok
test tests::a_file_whose_chain_ends_early_is_corrupt_not_short ... ok
test tests::a_name_is_matched_whatever_case_it_is_asked_for ... ok
test tests::a_long_name_entry_is_skipped_and_its_short_name_still_works ... ok
test tests::writing_is_refused_rather_than_pretended ... ok
test tests::a_volume_that_is_not_fat16_is_refused_by_name ... ok
test tests::a_volume_that_runs_past_the_device_is_refused ... ok
test tests::an_empty_file_has_no_chain_and_reads_nothing ... ok
test tests::the_first_root_entry_is_read_when_there_is_no_label ... ok
test tests::a_directory_lists_what_is_in_it_and_not_dot_or_the_label ... ok
test tests::reads_go_through_the_cache ... ok
test tests::the_namespace_walks_a_path_on_a_real_volume ... ok

test result: ok. 17 passed; 0 failed; 0 ignored; 0 measured; 0 filtered out; finished in 0.00s


[36mkinboot-menu[0m

running 13 tests
test tests::a_digit_boots_that_entry_and_an_out_of_range_digit_does_nothing ... ok
test tests::a_zero_timeout_boots_the_default_without_waiting ... ok
test tests::any_key_stops_the_countdown_so_a_chooser_is_not_overtaken ... ok
test tests::an_entry_hands_over_its_mode_then_its_command_line ... ok
test tests::decimal_formats_the_extremes ... ok
test tests::serial_bytes_map_to_keys ... ok
test tests::defaults_apply_when_settings_are_absent ... ok
test tests::the_countdown_boots_the_default_after_exactly_its_timeout ... ok
test tests::comments_blank_lines_and_crlf_are_ignored ... ok
test tests::the_list_kbuild_writes_for_a_bios_chain_test_reads_as_meant ... ok
test tests::the_list_kbuild_writes_for_uefi_reads_as_meant ... ok
test tests::the_menu_shows_every_entry_the_mark_and_the_countdown ... ok
test tests::every_mistake_is_named_with_its_line ... ok

test result: ok. 13 passed; 0 failed; 0 ignored; 0 measured; 0 filtered out; finished in 0.00s

warning: function `kt_log` is never used
   --> /kintane/kernel/module/src/tests.rs:166:8
    |
166 |     fn kt_log(ptr: *const u8, len: usize);
    |        ^^^^^^
    |
    = note: `#[warn(dead_code)]` (part of `#[warn(unused)]`) on by default
    = note: this warning originates in the macro `crate::declare_interface` (in Nightly builds, run with -Z macro-backtrace for more info)

warning: function `kt_add` is never used
   --> /kintane/kernel/module/src/tests.rs:167:8
    |
167 |     fn kt_add(a: u64, b: u64) -> u64;
    |        ^^^^^^
    |
    = note: this warning originates in the macro `crate::declare_interface` (in Nightly builds, run with -Z macro-backtrace for more info)

warning: type alias `kt_log` is never used
   --> /kintane/kernel/module/src/tests.rs:166:8
    |
166 |     fn kt_log(ptr: *const u8, len: usize);
    |        ^^^^^^
    |
    = note: this warning originates in the macro `crate::declare_interface` (in Nightly builds, run with -Z macro-backtrace for more info)

warning: type alias `kt_add` is never used
   --> /kintane/kernel/module/src/tests.rs:167:8
    |
167 |     fn kt_add(a: u64, b: u64) -> u64;
    |        ^^^^^^
    |
    = note: this warning originates in the macro `crate::declare_interface` (in Nightly builds, run with -Z macro-backtrace for more info)

warning: function `kt_log` is never used
   --> /kintane/kernel/module/src/tests.rs:172:12
    |
172 |         fn kt_log(ptr: *const u8, len: usize);
    |            ^^^^^^
    |
    = note: this warning originates in the macro `crate::declare_interface` (in Nightly builds, run with -Z macro-backtrace for more info)

warning: function `kt_add` is never used
   --> /kintane/kernel/module/src/tests.rs:173:12
    |
173 |         fn kt_add(a: u32, b: u32) -> u32;
    |            ^^^^^^
    |
    = note: this warning originates in the macro `crate::declare_interface` (in Nightly builds, run with -Z macro-backtrace for more info)

warning: type alias `kt_log` is never used
   --> /kintane/kernel/module/src/tests.rs:172:12
    |
172 |         fn kt_log(ptr: *const u8, len: usize);
    |            ^^^^^^
    |
    = note: this warning originates in the macro `crate::declare_interface` (in Nightly builds, run with -Z macro-backtrace for more info)

warning: type alias `kt_add` is never used
   --> /kintane/kernel/module/src/tests.rs:173:12
    |
173 |         fn kt_add(a: u32, b: u32) -> u32;
    |            ^^^^^^
    |
    = note: this warning originates in the macro `crate::declare_interface` (in Nightly builds, run with -Z macro-backtrace for more info)

warning: `kt_add` redeclared with a different signature
   --> /kintane/kernel/module/src/interface.rs:159:33
    |
159 |                   $( $(#[$attr])* pub fn $name($($arg: $ty),*) $(-> $ret)?; )*
    |                                   ^^^^^^^^^^^^^^^^^^^^^^^^^^^^^^^^^^^^^^^^^
    |                                   |
    |                                   `kt_add` previously declared here
    |                                   this signature doesn't match the previous declaration
    |
   ::: /kintane/kernel/module/src/tests.rs:171:5
    |
171 | /     crate::declare_interface! {
172 | |         fn kt_log(ptr: *const u8, len: usize);
173 | |         fn kt_add(a: u32, b: u32) -> u32;
174 | |     }
    | |_____- in this macro invocation
    |
    = note: expected `unsafe extern "C" fn(u64, u64) -> u64`
               found `unsafe extern "C" fn(u32, u32) -> u32`
    = note: `#[warn(clashing_extern_declarations)]` on by default
    = note: this warning originates in the macro `crate::declare_interface` (in Nightly builds, run with -Z macro-backtrace for more info)

warning: 9 warnings emitted


[36mmodule[0m

running 15 tests
test tests::a_referenced_module_cannot_unload_and_a_stale_id_names_nothing ... ok
test tests::a_module_for_another_configuration_is_refused_naming_the_symbol ... ok
test tests::a_bundle_hands_out_its_modules_and_refuses_entries_outside_it ... ok
test tests::a_got_relocation_is_refused_by_name ... ok
test tests::a_module_loads_and_every_relocation_holds_the_computed_value ... ok
test tests::aarch64_branches_pages_and_low_12_bits ... ok
test tests::a_relocation_past_its_section_is_refused ... ok
test tests::identity_names_the_toolchain_the_target_and_missing_symbols ... ok
test tests::an_address_that_does_not_fit_32_bits_is_refused_not_truncated ... ok
test tests::the_interface_hash_is_the_signature ... ok
test tests::x86_64_signed_and_unsigned_32_bit_limits ... ok
test tests::imports_are_checked_against_exports_and_their_recorded_interface ... ok
test tests::wrong_machine_missing_init_and_non_objects_are_refused ... ok
test tests::a_real_module_built_by_kbuild_parses_and_loads ... ok
test tests::no_corruption_of_a_module_panics_the_loader ... ok

test result: ok. 15 passed; 0 failed; 0 ignored; 0 measured; 0 filtered out; finished in 0.22s


[36mnet[0m
[31mtests did not build[0m: failed to compile net (tests) for the host

error[E0061]: this method takes 5 arguments but 6 arguments were supplied
   --> /kintane/kernel/net/src/tcp_tests.rs:620:7
    |
620 |     w.peer(9999, 7777, 42, 0, TCP_SYN, &[]);
    |       ^^^^                    ------- unexpected argument #5 of type `u8`
    |
note: method defined here
   --> /kintane/kernel/net/src/tcp_tests.rs:118:8
    |
118 |     fn peer(&self, to_port: u16, seq: u32, ack: u32, flags: u8, payload: &[u8]) {
    |        ^^^^
help: remove the extra argument
    |
620 -     w.peer(9999, 7777, 42, 0, TCP_SYN, &[]);
620 +     w.peer(9999, 7777, 42, 0, &[]);
    |

error[E0061]: this method takes 5 arguments but 6 arguments were supplied
   --> /kintane/kernel/net/src/tcp_tests.rs:624:7
    |
624 |     w.peer(9999, 7777, 42, 9, TCP_ACK, b"data");
    |       ^^^^                    ------- unexpected argument #5 of type `u8`
    |
note: method defined here
   --> /kintane/kernel/net/src/tcp_tests.rs:118:8
    |
118 |     fn peer(&self, to_port: u16, seq: u32, ack: u32, flags: u8, payload: &[u8]) {
    |        ^^^^
help: remove the extra argument
    |
624 -     w.peer(9999, 7777, 42, 9, TCP_ACK, b"data");
624 +     w.peer(9999, 7777, 42, 9, b"data");
    |

error[E0061]: this method takes 5 arguments but 6 arguments were supplied
   --> /kintane/kernel/net/src/tcp_tests.rs:628:7
    |
628 |     w.peer(9999, 7777, 42, 9, TCP_RST, &[]);
    |       ^^^^                    ------- unexpected argument #5 of type `u8`
    |
note: method defined here
   --> /kintane/kernel/net/src/tcp_tests.rs:118:8
    |
118 |     fn peer(&self, to_port: u16, seq: u32, ack: u32, flags: u8, payload: &[u8]) {
    |        ^^^^
help: remove the extra argument
    |
628 -     w.peer(9999, 7777, 42, 9, TCP_RST, &[]);
628 +     w.peer(9999, 7777, 42, 9, &[]);
    |

error: aborting due to 3 previous errors

For more information about this error, try `rustc --explain E0061`.


[36msync[0m

running 63 tests
test epoch::tests::a_cpu_without_a_slot_cannot_pin ... ok
test epoch::tests::guards_nest_and_only_the_outermost_unpins ... ok
test irq::tests::a_mask_nests_and_restores_what_it_found_tiny ... ok
test lockdep::tests::a_consistent_order_is_never_reported ... ok
test lockdep::tests::a_release_never_taken_is_unbalanced ... ok
test lockdep::tests::a_try_lock_is_not_checked_but_what_it_holds_is ... ok
test lockdep::tests::abba_is_reported_without_the_deadlock_happening ... ok
test irq::tests::re_entering_the_lock_stops_the_cpu_tiny ... ok
test epoch::tests::a_node_is_reclaimed_two_epochs_after_retirement_and_no_sooner ... ok
test epoch::tests::a_guard_from_another_collector_is_refused ... ok
test epoch::tests::a_uniprocessor_collector_reclaims_after_the_last_unpin ... ok
test irq::tests::a_mask_nests_and_restores_what_it_found_full ... ok
test irq::tests::try_lock_reports_a_held_lock_and_gives_the_interrupts_back_tiny ... ok
test lockdep::tests::an_inversion_between_classes_above_bit_32_is_reported ... ok
test irq::tests::the_guard_releases_on_drop_even_when_it_is_a_temporary_tiny ... ok
test lockdep::tests::an_inversion_through_intermediate_classes_is_reported ... ok
test lockdep::tests::holding_too_many_is_reported_and_stays_balanced ... ok
test lockdep::tests::releases_need_not_be_in_order ... ok
test lockdep::tests::taking_a_held_lock_again_is_recursion_and_is_not_pushed ... ok
test lockdep::tests::the_build_says_whether_checking_is_on ... ok
test lockdep::tests::the_first_violation_is_kept ... ok
test lockdep::tests::two_instances_of_one_class_nested_are_reported ... ok
test lockdep::tests::too_many_classes_is_reported_and_the_rest_still_work ... ok
test once::tests::an_uninitialised_once_drops_nothing_full ... ok
test once::tests::a_race_still_initialises_exactly_once_full ... ok
test epoch::tests::readers_on_every_cpu_never_see_a_reclaimed_node ... ok
test irq::tests::uncontended_acquire_and_release_tiny ... ok
test lockdep::tests::a_consistent_order_through_real_locks_is_clean_full ... ok
test once::tests::initialises_exactly_once_full ... ok
test once::tests::the_value_can_own_something_full ... ok
test epoch::tests::a_reader_keeps_a_node_alive_across_a_concurrent_unlink ... ok
test epoch::tests::a_stalled_participant_is_reported_and_a_full_bag_refuses ... ok
test lockdep::tests::a_consistent_order_through_real_locks_is_clean_tiny ... ok
test lockdep::tests::a_lock_without_a_class_is_not_seen ... ok
test lockdep::tests::abba_through_irq_locks_is_reported_tiny ... ok
test lockdep::tests::abba_through_spinlocks_is_reported_full ... ok
test spin::tests::a_handoff_lock_is_released_by_unlock_handoff_full ... ok
test spin::tests::a_lock_guards_a_compound_value_full ... ok
test lockdep::tests::contention_between_two_cpus_is_not_recursion_full ... ok
test lockdep::tests::nesting_too_deep_is_reported_full ... ok
test lockdep::tests::nesting_too_deep_is_reported_tiny ... ok
test spin::tests::the_guard_releases_on_drop_full ... ok
test lockdep::tests::re_taking_a_held_irq_lock_is_recorded_before_the_stop_tiny ... ok
test lockdep::tests::re_taking_a_held_spinlock_stops_instead_of_hanging_full ... ok
test once::tests::initialisation_does_not_touch_interrupts_full ... ok
test once::tests::initialisation_runs_with_interrupts_masked_tiny ... ok
test spin::tests::tickets_are_served_in_order_full ... ok
test once::tests::initialises_exactly_once_tiny ... ok
test once::tests::the_value_can_own_something_tiny ... ok
test percpu::tests::a_cpu_past_the_storage_has_no_slot ... ok
test spin::tests::try_lock_does_not_take_a_held_lock_full ... ok
test percpu::tests::a_pin_masks_interrupts_until_it_drops_and_nests ... ok
test percpu::tests::a_uniprocessor_has_one_slot_and_uses_it ... ok
test spin::tests::uncontended_acquire_and_release_full ... ok
test percpu::tests::each_cpu_reaches_its_own_slot ... ok
test percpu::tests::storage_sized_by_configuration_misses_past_its_end ... ok
test percpu::tests::with_pins_for_the_call ... ok
test spin::tests::lock_irqsave_masks_for_the_critical_section_and_restores_full ... ok
test spin::tests::lock_irqsave_nests_with_a_plain_mask_full ... ok
test wide::tests::behaves_like_an_atomic ... ok
test wide::tests::masks_for_the_access_and_restores_after ... ok
test wide::tests::the_narrower_widths_behave_the_same ... ok
test spin::tests::contended_acquires_do_not_lose_an_update_full ... ok

test result: ok. 63 passed; 0 failed; 0 ignored; 0 measured; 0 filtered out; finished in 0.05s


[36mhwproxy[0m

running 7 tests
test tests::a_buffer_keeps_the_two_addresses_apart ... ok
test tests::a_device_with_no_interrupt_reports_none ... ok
test tests::a_misaligned_access_is_refused ... ok
test tests::every_width_round_trips_inside_the_window ... ok
test tests::an_access_past_the_end_reads_all_ones_and_writes_nothing ... ok
test tests::an_empty_window_refuses_everything ... ok
test tests::parts_assembles_the_three_capabilities ... ok

test result: ok. 7 passed; 0 failed; 0 ignored; 0 measured; 0 filtered out; finished in 0.00s


[36mvirtio[0m

running 8 tests
test queue::tests::a_queue_size_the_protocol_forbids_is_refused ... ok
test queue::tests::a_chain_longer_than_the_queue_is_refused_rather_than_overrunning_it ... ok
test queue::tests::a_multi_buffer_chain_is_linked_and_freed_as_one ... ok
test queue::tests::a_chain_is_published_with_the_devices_addresses_not_the_cpus ... ok
test queue::tests::completions_are_followed_in_the_order_the_device_wrote_them ... ok
test queue::tests::the_available_index_wraps_without_losing_the_ring_slot ... ok
test queue::tests::the_queue_can_be_filled_and_emptied_without_losing_descriptors ... ok
test queue::tests::a_used_element_naming_a_descriptor_that_does_not_exist_is_ignored ... ok

test result: ok. 8 passed; 0 failed; 0 ignored; 0 measured; 0 filtered out; finished in 0.00s


[36mvirtio-blk-core[0m

running 10 tests
test tests::a_completion_naming_no_request_marks_nothing ... ok
test tests::a_completion_marks_the_request_it_names_not_the_first_one_in_flight ... ok
test tests::a_polled_request_refuses_what_the_device_cannot_take_before_submitting ... ok
test tests::several_completions_at_once_each_reach_their_own_request ... ok
test tests::a_device_of_another_type_is_refused ... ok
test tests::a_device_error_comes_back_as_its_status_and_the_queue_recovers ... ok
test tests::a_polled_read_and_write_round_trip ... ok
test tests::the_platform_iommu_feature_is_accepted_only_when_offered ... ok
test tests::a_raw_read_names_the_address_it_was_given ... ok
test tests::bring_up_walks_the_handshake_and_reads_the_geometry ... ok

test result: ok. 10 passed; 0 failed; 0 ignored; 0 measured; 0 filtered out; finished in 0.01s


[36mvirtio-blk[0m

running 17 tests
test tests::a_read_past_the_end_is_refused_before_the_device_sees_it ... ok
test tests::a_device_that_refuses_the_features_is_an_error ... ok
test tests::a_device_of_another_type_is_refused ... ok
test tests::a_device_error_is_an_error_and_the_queue_recovers ... ok
test tests::a_queue_smaller_than_the_driver_needs_is_refused ... ok
test tests::a_line_interrupt_with_nothing_pending_is_not_this_devices ... ok
test tests::a_legacy_device_is_refused_rather_than_mis_driven ... ok
test tests::a_device_that_never_answers_times_out_and_leaks_no_request ... ok
test tests::an_msix_interrupt_collects_completions_without_asking_the_status_register ... ok
test tests::a_queue_is_given_its_msix_vector_after_the_reset_and_before_it_is_enabled ... ok
test tests::a_write_reads_back_and_leaves_its_neighbours_alone ... ok
test tests::a_vector_the_device_refuses_fails_bring_up ... ok
test tests::sectors_read_back_what_the_disk_holds ... ok
test tests::a_region_too_small_for_the_rings_is_refused_at_bring_up ... ok
test tests::a_transfer_larger_than_the_bounce_buffer_goes_through_the_block_layer_in_pieces ... ok
test tests::bring_up_walks_the_handshake_and_reads_the_geometry ... ok
test tests::many_requests_leak_no_descriptor ... ok

test result: ok. 17 passed; 0 failed; 0 ignored; 0 measured; 0 filtered out; finished in 0.04s


[36mfuzz[0m
[31mdid not build[0m: failed to compile fuzz for the host

error[E0004]: non-exhaustive patterns: `Frame::Tcp(_, _)` not covered
   --> /kintane/lib/fuzz/src/targets/net.rs:122:11
    |
122 |     match frame {
    |           ^^^^^ pattern `Frame::Tcp(_, _)` not covered
    |
note: `Frame<'_>` defined here
   --> /kintane/kernel/net/src/wire.rs:524:1
    |
524 | pub enum Frame<'a> {
    | ^^^^^^^^^^^^^^^^^^
...
528 |     Tcp(Ipv4<'a>, Tcp<'a>),
    |     --- not covered
    = note: the matched value is of type `Frame<'_>`
help: ensure that all possible cases are being handled by adding a match arm with a wildcard pattern or an explicit pattern as shown
    |
143 ~         Frame::OtherEthernet(_) => {},
144 +         Frame::Tcp(_, _) => todo!()
    |

error: aborting due to 1 previous error

For more information about this error, try `rustc --explain E0004`.


[36mgic[0m

running 8 tests
test tests::specifiers_are_offset_by_type ... ok
test tests::specifiers_that_name_nothing ... ok
test tests::v2_init_programs_the_distributor_and_cpu_interface ... ok
test tests::v2_ipis_route_by_the_interface_bit_each_cpu_reads ... ok
test tests::v2_sgis_keep_their_sender_until_eoi ... ok
test tests::the_timer_ppi_the_tree_names_is_the_one_the_arch_uses ... ok
test tests::v2_claims_its_two_windows_from_reg ... ok
test tests::each_virt_tree_binds_exactly_the_right_driver ... ok

test result: ok. 8 passed; 0 failed; 0 ignored; 0 measured; 0 filtered out; finished in 0.00s


[36mkobject[0m

running 40 tests
test handle::tests::a_closed_handle_is_rejected ... ok
test handle::tests::a_full_table_reports_rather_than_overwrites ... ok
test handle::tests::duplicate_requires_the_right_and_can_only_narrow ... ok
test handle::tests::a_zero_handle_is_never_valid ... ok
test handle::tests::narrowing_away_duplicate_is_permanent ... ok
test handle::tests::a_handle_names_what_was_inserted ... ok
test handle::tests::a_stale_handle_cannot_reach_the_slots_new_occupant ... ok
test handle::tests::transfer_out_many_of_nothing_is_a_no_op ... ok
test handle::tests::transfer_requires_the_right_and_removes_the_handle ... ok
test handle::tests::transfer_out_many_moves_every_handle_in_order ... ok
test handle::tests::a_process_with_no_handles_can_reach_nothing ... ok
test handle::tests::an_out_of_range_handle_is_rejected_not_panicking ... ok
test handle::tests::transfer_out_many_moves_nothing_when_a_later_handle_fails ... ok
test handle::tests::transfer_out_many_refuses_a_handle_listed_twice ... ok
test handle::tests::type_and_rights_are_checked_together ... ok
test rights::tests::contains_is_subset_not_intersection ... ok
test rights::tests::debug_names_the_bits ... ok
test rights::tests::narrowing_can_only_remove ... ok
test rights::tests::narrowing_is_idempotent_and_monotonic ... ok
test rights::tests::the_empty_set_permits_nothing ... ok
test rights::tests::unknown_bits_are_discarded_not_carried ... ok
test store::tests::a_full_store_refuses ... ok
test store::tests::a_handle_resolves_to_its_object_with_type_and_rights_checked ... ok
test store::tests::a_slot_whose_generation_runs_out_is_never_reused ... ok
test store::tests::a_stale_locator_does_not_reach_the_slots_next_occupant ... ok
test tests::a_dead_object_cannot_be_resurrected ... ok
test tests::saturating_the_count_is_an_error_not_a_wrap ... ok
test tests::the_last_release_is_reported_exactly_once ... ok
test tests::identities_are_unique_monotonic_and_never_zero ... ok
test tests::object_types_all_name_themselves ... ok
test tests::concurrent_acquire_and_release_balance ... ok
test store::tests::concurrent_lookups_and_drops_balance ... ok
test store::tests::locked_ids_are_unique_monotonic_and_never_zero ... ok
test store::tests::lookup_type_and_deref_full ... ok
test store::tests::lookup_type_and_deref_tiny ... ok
test store::tests::retirement_waits_for_the_last_holder_full ... ok
test store::tests::retirement_waits_for_the_last_holder_tiny ... ok
test store::tests::retiring_an_unreferenced_object_destroys_it_now ... ok
test handle::tests::free_slots_counts_what_insert_would_accept ... ok
test handle::tests::a_slot_retires_rather_than_wrapping_its_generation ... ok

test result: ok. 40 passed; 0 failed; 0 ignored; 0 measured; 0 filtered out; finished in 0.06s


[36mipc[0m

running 55 tests
test tests::a_channel_cannot_carry_its_own_endpoints_full ... ok
test tests::a_cycle_through_three_channels_is_collected_tiny ... ok
test tests::a_cycle_through_three_channels_is_collected_full ... ok
test tests::a_cycle_across_two_channels_is_collected_tiny ... ok
test tests::a_channel_cannot_carry_its_own_endpoints_tiny ... ok
test tests::a_cycle_across_two_channels_is_collected_full ... ok
test tests::a_concurrent_sender_and_receiver_lose_and_reorder_nothing_full ... ok
test tests::a_full_queue_refuses_rather_than_overwrites_full ... ok
test tests::a_live_chain_is_not_collected_full ... ok
test tests::a_handle_without_transfer_is_refused_tiny ... ok
test tests::an_endpoint_stays_open_while_any_duplicate_does_full ... ok
test tests::an_endpoint_stays_open_while_any_duplicate_does_tiny ... ok
test tests::a_live_chain_is_not_collected_tiny ... ok
test tests::a_full_queue_refuses_rather_than_overwrites_tiny ... ok
test tests::closing_cascades_through_an_in_flight_endpoint_full ... ok
test tests::closing_cascades_through_an_in_flight_endpoint_tiny ... ok
test tests::a_receive_into_a_full_table_leaves_the_message_intact_tiny ... ok
test tests::a_send_to_a_full_queue_leaves_every_handle_in_place_full ... ok
test tests::every_reference_is_in_exactly_one_place_full ... ok
test tests::a_small_buffer_leaves_the_message_queued_full ... ok
test tests::a_small_buffer_leaves_the_message_queued_tiny ... ok
test tests::a_transfer_moves_exactly_one_handle_full ... ok
test tests::a_transfer_moves_exactly_one_handle_tiny ... ok
test tests::a_finished_channels_slot_is_reused_tiny ... ok
test tests::a_finished_channels_slot_is_reused_full ... ok
test tests::interrupts_come_back_tiny ... ok
test tests::another_channels_endpoint_travels_as_a_capability_tiny ... ok
test tests::a_receive_into_a_full_table_leaves_the_message_intact_full ... ok
test tests::other_objects_in_a_collected_inbox_go_to_the_sink_full ... ok
test tests::outside_a_set_a_cycle_across_two_channels_leaks_full ... ok
test tests::outside_a_set_a_cycle_across_two_channels_leaks_tiny ... ok
test tests::oversize_messages_are_refused_full ... ok
test tests::every_reference_is_in_exactly_one_place_tiny ... ok
test tests::fifo_order_survives_wraparound_full ... ok
test tests::fifo_order_survives_wraparound_tiny ... ok
test tests::interrupts_come_back_full ... ok
test tests::another_channels_endpoint_travels_as_a_capability_full ... ok
test tests::rights_narrow_in_transit_and_never_widen_tiny ... ok
test tests::one_bad_handle_fails_the_whole_list_tiny ... ok
test tests::a_handle_without_transfer_is_refused_full ... ok
test tests::other_objects_in_a_collected_inbox_go_to_the_sink_tiny ... ok
test tests::endpoint_rights_gate_each_operation_full ... ok
test tests::endpoint_rights_gate_each_operation_tiny ... ok
test tests::a_send_to_a_full_queue_leaves_every_handle_in_place_tiny ... ok
test tests::oversize_messages_are_refused_tiny ... ok
test tests::peer_closure_is_observed_after_draining_full ... ok
test tests::peer_closure_is_observed_after_draining_tiny ... ok
test tests::releases_are_checked_full ... ok
test tests::releases_are_checked_tiny ... ok
test tests::rights_narrow_in_transit_and_never_widen_full ... ok
test tests::one_bad_handle_fails_the_whole_list_full ... ok
test tests::round_trip_full ... ok
test tests::round_trip_tiny ... ok
test tests::undelivered_handles_are_handed_back_on_close_full ... ok
test tests::undelivered_handles_are_handed_back_on_close_tiny ... ok

test result: ok. 55 passed; 0 failed; 0 ignored; 0 measured; 0 filtered out; finished in 0.80s


[36mmm[0m

running 141 tests
test directmap::tests::addresses_past_the_window_are_refused_rather_than_extrapolated ... ok
test directmap::tests::a_window_that_does_not_start_at_zero_round_trips ... ok
test directmap::tests::an_offset_map_is_the_same_code_with_a_different_argument ... ok
test directmap::tests::a_window_that_would_leave_the_address_space_is_refused ... ok
test directmap::tests::an_empty_window_is_not_a_mapping ... ok
test directmap::tests::the_identity_map_is_the_assumption_today ... ok
test directmap::tests::physical_memory_a_pointer_cannot_reach_is_an_overflow_not_a_truncation ... ok
test flat::tests::a_full_list_still_serves_an_allocation_that_needs_no_split ... ok
test flat::tests::reserving_splits_trims_and_ignores_what_is_not_free ... ok
test flat::tests::a_split_the_list_cannot_hold_is_refused_before_anything_changes ... ok
test flat::tests::allocation_is_first_fit_aligned_and_keeps_the_gap_free ... ok
test flat::tests::adding_merges_touching_ranges_and_refuses_overlap ... ok
test flat::tests::ranges_at_the_top_of_the_address_space_do_not_wrap ... ok
test directmap::tests::an_identity_map_will_not_hand_back_a_null_pointer ... ok
test flat::tests::freeing_coalesces_back_to_one_range_and_refuses_a_double_free ... ok
test flat::tests::the_memory_map_minus_what_is_not_usable ... ok
test frame::tests::containing_rounds_down_full ... ok
test flat::tests::a_long_mixed_sequence_returns_to_the_start ... ok
test frame::tests::containing_rounds_down_tiny ... ok
test frame::tests::empty_ranges_are_rejected_full ... ok
test frame::tests::empty_ranges_are_rejected_tiny ... ok
test frame::tests::frame_numbers_overflow_rather_than_wrap_full ... ok
test frame::tests::frame_numbers_overflow_rather_than_wrap_tiny ... ok
test frame::tests::frame_size_full ... ok
test frame::tests::frame_size_tiny ... ok
test frame::tests::frames_above_the_pointer_range_are_addressable ... ok
test frame::tests::from_start_refuses_to_round_full ... ok
test frame::tests::from_start_refuses_to_round_tiny ... ok
test frame::tests::number_and_address_round_trip_full ... ok
test frame::tests::number_and_address_round_trip_tiny ... ok
test frame::tests::ranges_iterate_and_contain_full ... ok
test frame::tests::ranges_iterate_and_contain_tiny ... ok
test frame::tests::the_two_profiles_really_do_differ ... ok
test paged::tests::a_mapping_can_be_translated_back ... ok
test paged::tests::a_non_canonical_address_is_refused ... ok
test paged::tests::a_physical_address_beyond_the_pointer_width_round_trips ... ok
test paged::tests::a_physical_address_too_wide_for_the_architecture_is_refused ... ok
test paged::tests::a_table_still_in_use_is_not_reclaimed ... ok
test paged::tests::a_zero_length_mapping_does_nothing ... ok
test paged::tests::a_top_level_range_is_mapped_only_under_an_entry_something_uses ... ok
test paged::tests::mapping_over_an_existing_mapping_is_refused ... ok
test paged::tests::mapping_several_pages_covers_all_of_them ... ok
test paged::tests::misaligned_requests_are_refused ... ok
test paged::tests::nothing_is_mapped_until_it_is ... ok
test paged::tests::protect_changes_permissions_and_keeps_the_frame ... ok
test paged::tests::protecting_something_absent_is_an_error ... ok
test paged::tests::running_out_of_frames_is_an_error_not_a_panic ... ok
test paged::tests::translation_keeps_the_byte_offset ... ok
test paged::tests::unmapping_something_absent_is_an_error ... ok
test paged::tests::unmapping_removes_the_translation_and_flushes ... ok
test phys::tests::a_reservation_of_one_byte_costs_a_frame_full ... ok
test phys::tests::a_map_with_no_whole_frame_is_refused_tiny ... ok
test phys::tests::a_dirty_store_is_not_trusted_tiny ... ok
test phys::tests::a_dirty_store_is_not_trusted_full ... ok
test phys::tests::a_map_with_no_whole_frame_is_refused_full ... ok
test paged::tests::unmapping_reclaims_the_tables_it_emptied ... ok
test phys::tests::a_reservation_of_one_byte_costs_a_frame_tiny ... ok
test phys::tests::a_freed_frame_comes_back_full ... ok
test phys::tests::a_freed_frame_comes_back_tiny ... ok
test phys::tests::a_run_appears_once_neighbours_are_freed_full ... ok
test phys::tests::a_run_appears_once_neighbours_are_freed_tiny ... ok
test phys::tests::accounting_follows_allocation_full ... ok
test phys::tests::accounting_follows_allocation_tiny ... ok
test phys::tests::allocation_is_aligned_unique_and_in_range_full ... ok
test phys::tests::an_unknown_memory_kind_is_treated_as_reserved_full ... ok
test phys::tests::allocation_is_aligned_unique_and_in_range_tiny ... ok
test phys::tests::an_unknown_memory_kind_is_treated_as_reserved_tiny ... ok
test phys::tests::bad_frees_are_rejected_full ... ok
test phys::tests::bad_frees_are_rejected_tiny ... ok
test phys::tests::contiguous_never_crosses_a_hole_full ... ok
test phys::tests::contiguous_never_crosses_a_hole_tiny ... ok
test phys::tests::contiguous_runs_are_contiguous_full ... ok
test phys::tests::contiguous_runs_are_contiguous_tiny ... ok
test phys::tests::exhaustion_is_an_error_forever_full ... ok
test phys::tests::fragmentation_is_distinguished_from_exhaustion_full ... ok
test phys::tests::freeing_a_run_is_all_or_nothing_full ... ok
test phys::tests::exhaustion_is_an_error_forever_tiny ... ok
test phys::tests::freeing_a_run_is_all_or_nothing_tiny ... ok
test phys::tests::fragmentation_is_distinguished_from_exhaustion_tiny ... ok
test phys::tests::holes_are_never_handed_out_full ... ok
test phys::tests::memory_above_four_gibibytes_is_reachable_full ... ok
test phys::tests::holes_are_never_handed_out_tiny ... ok
test phys::tests::partial_frames_at_region_edges_are_dropped_full ... ok
test phys::tests::memory_above_four_gibibytes_is_reachable_tiny ... ok
test phys::tests::partial_frames_at_region_edges_are_dropped_tiny ... ok
test phys::tests::reservation_order_does_not_matter_full ... ok
test paged::tests::descending_through_a_huge_page_is_refused_rather_than_guessed ... ok
test phys::tests::reservation_order_does_not_matter_tiny ... ok
test paged::tests::a_misaligned_large_range_falls_back_to_small_pages ... ok
test phys::tests::reserve_takes_frames_out_of_the_pool_full ... ok
test phys::tests::reserve_takes_frames_out_of_the_pool_tiny ... ok
test phys::tests::reserved_wins_over_usable_full ... ok
test phys::tests::reserving_an_allocated_frame_keeps_the_books_full ... ok
test phys::tests::reserved_wins_over_usable_tiny ... ok
test phys::tests::reserving_an_allocated_frame_keeps_the_books_tiny ... ok
test phys::tests::stats_describe_the_pool_full ... ok
test phys::tests::stats_describe_the_pool_tiny ... ok
test paged::tests::an_aligned_large_range_uses_a_huge_page ... ok
test phys::tests::the_store_requirement_is_exact_full ... ok
test phys::tests::the_store_requirement_is_exact_tiny ... ok
test phys::tests::zero_length_requests_are_refused_full ... ok
test phys::tests::the_same_map_yields_different_frame_counts_per_page_size ... ok
test phys::tests::zero_length_requests_are_refused_tiny ... ok
test tlb::tests::a_target_answers_only_after_its_flush_ran ... ok
test tlb::tests::a_target_flushes_the_published_address_once ... ok
test tlb::tests::an_answer_from_a_cpu_that_was_not_asked_is_a_mismatch ... ok
test tlb::tests::cpus_past_the_word_are_refused ... ok
test tlb::tests::everything_is_none_and_a_new_request_waits_for_the_old_one ... ok
test vm::tests::a_demand_page_is_zeroed_even_from_a_dirty_source ... ok
test vm::tests::a_physical_base_off_a_page_boundary_is_refused_on_either_page_size ... ok
test vm::tests::a_huge_physical_range_maps_one_leaf ... ok
test vm::tests::a_fault_on_a_page_already_permitted_is_spurious_and_flushes ... ok
test vm::tests::a_split_physical_range_keeps_its_offsets_full ... ok
test vm::tests::a_split_physical_range_keeps_its_offsets_tiny ... ok
test vm::tests::a_physical_region_maps_its_offsets_and_allocates_no_data_frames ... ok
test vm::tests::faults_outside_a_region_or_its_permissions_are_refused ... ok
test vm::tests::a_write_to_one_side_copies_that_page_and_leaves_the_other_alone ... ok
test vm::tests::a_region_over_existing_mappings_is_refused ... ok
test vm::tests::a_share_that_fails_part_way_restores_the_source_permissions ... ok
test vm::tests::region_map_full ... ok
test vm::tests::region_map_tiny ... ok
test vm::tests::protecting_an_unshared_range_writable_again_makes_its_pages_writable ... ok
test vm::tests::a_shared_region_reads_the_same_bytes_and_copies_nothing ... ok
test vm::tests::share_counts_start_at_one_and_free_on_the_last ... ok
test vm::tests::protecting_across_a_region_boundary_is_refused ... ok
test vm::tests::granting_write_does_not_make_a_shared_page_writable ... ok
test vm::tests::reserving_maps_nothing_and_touching_maps_one_page ... ok
test vm::tests::sharing_into_a_region_that_has_pages_is_refused ... ok
test vm::tests::frames_are_consumed_one_per_page_touched ... ok
test vm::tests::sharing_invalidates_every_page_it_makes_read_only ... ok
test vm::tests::sharing_more_than_the_share_table_holds_is_refused_untouched ... ok
test vm::tests::a_block_not_wholly_inside_the_region_is_not_mapped_huge ... ok
test vm::tests::a_huge_region_faults_in_a_whole_zeroed_block ... ok
test vm::tests::without_a_contiguous_block_a_huge_region_uses_base_pages ... ok
test vm::tests::a_huge_fault_that_cannot_map_its_block_gives_the_block_back ... ok
test vm::tests::releasing_everything_returns_every_frame_and_table ... ok
test vm::tests::a_failed_demand_fault_leaves_nothing_behind ... ok
test tlb::tests::targets_on_other_threads_all_answer_every_request ... ok
test vm::tests::a_failed_share_is_undone_and_leaves_nothing_behind ... ok
test vm::tests::protecting_part_of_a_huge_leaf_splits_it_and_keeps_its_contents ... ok
test vm::tests::sharing_a_huge_leaf_splits_it_and_copies_only_the_page_written ... ok

test result: ok. 141 passed; 0 failed; 0 ignored; 0 measured; 0 filtered out; finished in 2.59s


[36mkalloc[0m

running 130 tests
test buddy::tests::a_fresh_run_is_carved_into_maximal_blocks_tiny ... ok
test buddy::tests::splitting_and_merging_are_exact_inverses_full ... ok
test buddy::tests::a_fresh_run_is_carved_into_maximal_blocks_full ... ok
test buddy::tests::a_bad_free_changes_nothing_tiny ... ok
test buddy::tests::check_names_what_is_broken ... ok
test buddy::tests::the_store_must_be_large_enough ... ok
test buddy::tests::exhaustion_and_fragmentation_are_told_apart_tiny ... ok
test buddy::tests::exhaustion_and_fragmentation_are_told_apart_full ... ok
test buddy::tests::splitting_and_merging_are_exact_inverses_tiny ... ok
test bump::tests::a_foreign_pointer_is_refused_full ... ok
test buddy::tests::blocks_are_aligned_distinct_and_the_right_size_full ... ok
test buddy::tests::a_bad_free_changes_nothing_full ... ok
test bump::tests::a_foreign_pointer_is_refused_tiny ... ok
test buddy::tests::blocks_are_aligned_distinct_and_the_right_size_tiny ... ok
test bump::tests::absurd_layouts_are_refused_rather_than_wrapping_tiny ... ok
test bump::tests::allocation_is_aligned_and_does_not_overlap_full ... ok
test bump::tests::absurd_layouts_are_refused_rather_than_wrapping_full ... ok
test bump::tests::allocation_is_aligned_and_does_not_overlap_tiny ... ok
test bump::tests::an_empty_arena_serves_nothing_full ... ok
test bump::tests::an_empty_arena_serves_nothing_tiny ... ok
test bump::tests::an_older_block_is_not_reused_and_says_so_full ... ok
test bump::tests::an_older_block_is_not_reused_and_says_so_tiny ... ok
test bump::tests::exhaustion_is_an_error_forever_full ... ok
test bump::tests::exhaustion_is_an_error_forever_tiny ... ok
test bump::tests::frames_outside_the_direct_map_are_refused_full ... ok
test bump::tests::frames_outside_the_direct_map_are_refused_tiny ... ok
test bump::tests::freeing_poisons_and_accounts_full ... ok
test bump::tests::freeing_poisons_and_accounts_tiny ... ok
test bump::tests::growing_abandons_the_tail_and_counts_it_full ... ok
test bump::tests::growing_abandons_the_tail_and_counts_it_tiny ... ok
test bump::tests::growth_settles_for_less_when_the_machine_has_less_full ... ok
test bump::tests::growth_settles_for_less_when_the_machine_has_less_tiny ... ok
test bump::tests::growth_takes_whole_frames_and_counts_them_full ... ok
test bump::tests::growth_takes_whole_frames_and_counts_them_tiny ... ok
test bump::tests::the_most_recent_block_is_reused_full ... ok
test bump::tests::the_pointer_points_at_the_memory_it_claims_to_full ... ok
test bump::tests::the_most_recent_block_is_reused_tiny ... ok
test bump::tests::the_pointer_points_at_the_memory_it_claims_to_tiny ... ok
test bump::tests::the_region_table_is_finite_and_fails_cleanly_full ... ok
test bump::tests::the_region_table_is_finite_and_fails_cleanly_tiny ... ok
test bump::tests::the_same_request_costs_different_frames_per_page_size ... ok
test bump::tests::zeroing_is_honoured_full ... ok
test bump::tests::zeroing_is_honoured_tiny ... ok
test context::tests::flags_combine_and_test ... ok
test context::tests::flags_print_by_name ... ok
test context::tests::honoured_and_advisory_are_distinguished ... ok
test context::tests::node_any_is_distinguishable_from_node_zero ... ok
test context::tests::the_default_context_is_the_safe_one ... ok
test frames::tests::a_source_with_nothing_in_it_is_exhausted_full ... ok
test frames::tests::a_source_with_nothing_in_it_is_exhausted_tiny ... ok
test heap::tests::a_buddy_block_is_zeroed_poisoned_and_checked_on_free_tiny ... ok
test heap::tests::a_buddy_block_is_zeroed_poisoned_and_checked_on_free_full ... ok
test heap::tests::a_double_free_is_reported_rather_than_corrupting_full ... ok
test heap::tests::a_pointer_can_be_turned_back_into_a_physical_address_full ... ok
test heap::tests::a_zero_sized_or_absurd_layout_is_rejected_full ... ok
test heap::tests::alignment_is_honoured_across_both_allocators_full ... ok
test heap::tests::a_full_buddy_falls_back_to_the_arena_and_detaches_when_empty_full ... ok
test heap::tests::a_pointer_can_be_turned_back_into_a_physical_address_tiny ... ok
test heap::tests::a_double_free_is_reported_rather_than_corrupting_tiny ... ok
test heap::tests::a_second_run_or_one_outside_the_map_is_refused ... ok
test heap::tests::alignment_is_honoured_across_both_allocators_tiny ... ok
test heap::tests::a_slab_object_freed_with_the_wrong_layout_is_refused_tiny ... ok
test heap::tests::a_zero_sized_or_absurd_layout_is_rejected_tiny ... ok
test heap::tests::a_slab_object_freed_with_the_wrong_layout_is_refused_full ... ok
test heap::tests::exhaustion_is_an_error_and_stays_one_tiny ... ok
test heap::tests::a_full_buddy_falls_back_to_the_arena_and_detaches_when_empty_tiny ... ok
test heap::tests::free_and_reuse_returns_the_same_memory_poisoned_in_between_full ... ok
test heap::tests::free_and_reuse_returns_the_same_memory_poisoned_in_between_tiny ... ok
test heap::tests::exhaustion_is_an_error_and_stays_one_full ... ok
test heap::tests::injection_that_is_recovered_from_is_not_a_caller_failure_full ... ok
test heap::tests::small_objects_go_to_the_slab_and_large_ones_to_the_arena_tiny ... ok
test heap::tests::small_objects_go_to_the_slab_and_large_ones_to_the_arena_full ... ok
test heap::tests::injection_that_is_recovered_from_is_not_a_caller_failure_tiny ... ok
test heap::tests::a_churning_workload_does_not_consume_the_heap_full ... ok
test heap::tests::the_same_workload_costs_different_frames_per_page_size ... ok
test heap::tests::a_churning_workload_does_not_consume_the_heap_tiny ... ok
test heap::tests::try_alloc_never_takes_frames_full ... ok
test heap::tests::try_alloc_never_takes_frames_tiny ... ok
test heap::tests::zeroing_is_honoured_and_the_rest_is_counted_full ... ok
test heap::tests::zeroing_is_honoured_and_the_rest_is_counted_tiny ... ok
test hostmem::tests::the_source_runs_out_full ... ok
test hostmem::tests::the_source_runs_out_tiny ... ok
test hostmem::tests::the_window_covers_the_buffer_full ... ok
test hostmem::tests::the_window_covers_the_buffer_tiny ... ok
test inject::tests::from_fails_everything_after_the_threshold ... ok
test inject::tests::host_tests_always_have_injection ... ok
test inject::tests::off_never_fails_and_counts_nothing ... ok
test inject::tests::nth_fails_exactly_once_and_only_at_its_sites ... ok
test poison::tests::a_zero_length_fill_touches_nothing ... ok
test poison::tests::filling_writes_what_it_says ... ok
test poison::tests::poisoning_follows_the_config_symbol_rather_than_a_cfg ... ok
test poison::tests::the_poison_byte_is_a_hostile_pointer ... ok
test slab::tests::a_block_outside_the_direct_map_is_refused_tiny ... ok
test slab::tests::a_block_outside_the_direct_map_is_refused_full ... ok
test slab::tests::a_request_picks_the_smallest_class_that_fits ... ok
test slab::tests::alignment_widens_the_class_rather_than_padding_the_object ... ok
test slab::tests::a_freed_object_comes_straight_back_full ... ok
test slab::tests::an_empty_slab_asks_for_a_block_rather_than_panicking_full ... ok
test slab::tests::a_freed_object_comes_straight_back_tiny ... ok
test inject::tests::random_is_reproducible_by_seed_and_roughly_calibrated ... ok
test slab::tests::an_empty_slab_asks_for_a_block_rather_than_panicking_tiny ... ok
test slab::tests::bad_frees_are_rejected_without_touching_anything_tiny ... ok
test slab::tests::bad_frees_are_rejected_without_touching_anything_full ... ok
test slab::tests::every_class_holds_a_sensible_number_of_objects ... ok
test slab::tests::allocation_and_free_can_run_indefinitely_tiny ... ok
test slab::tests::freeing_poisons_exactly_the_object_tiny ... ok
test slab::tests::freeing_poisons_exactly_the_object_full ... ok
test slab::tests::stats_describe_the_classes_full ... ok
test slab::tests::objects_are_aligned_distinct_and_inside_their_block_full ... ok
test slab::tests::allocation_and_free_can_run_indefinitely_full ... ok
test slab::tests::stats_describe_the_classes_tiny ... ok
test slab::tests::the_class_table_does_not_depend_on_the_page_size ... ok
test slab::tests::the_descriptor_table_is_finite_and_says_so_tiny ... ok
test slab::tests::zeroing_clears_a_reused_object_full ... ok
test slab::tests::the_descriptor_table_is_finite_and_says_so_full ... ok
test slab::tests::zeroing_clears_a_reused_object_tiny ... ok
test slab::tests::objects_are_aligned_distinct_and_inside_their_block_tiny ... ok
test tests::a_zero_sized_request_is_an_error_not_a_dangling_pointer ... ok
test tests::an_ordinary_layout_is_accepted ... ok
test tests::narrowing_reports_loss_rather_than_truncating ... ok
test heap::tests::the_slab_overflows_into_the_arena_and_frees_still_work_tiny ... ok
test heap::tests::the_slab_overflows_into_the_arena_and_frees_still_work_full ... ok
test heap::tests::large_blocks_are_reused_not_consumed_tiny ... ok
test heap::tests::large_blocks_are_reused_not_consumed_full ... ok
test heap::tests::persistent_and_random_failure_is_survived_tiny ... ok
test heap::tests::persistent_and_random_failure_is_survived_full ... ok
test heap::tests::every_single_injected_failure_is_survived_tiny ... ok
test heap::tests::every_single_injected_failure_is_survived_full ... ok
test buddy::tests::random_churn_keeps_every_invariant_full ... ok
test buddy::tests::random_churn_keeps_every_invariant_tiny ... ok

test result: ok. 130 passed; 0 failed; 0 ignored; 0 measured; 0 filtered out; finished in 0.74s


[36mkinboot-bios[0m

running 26 tests
test disk::tests::crc32_matches_the_standard_check_value ... ok
test disk::tests::an_oversized_entry_list_is_refused_on_both_sides ... ok
test chain::tests::absent_empty_and_unsigned_are_refused_by_name ... ok
test chain::tests::a_partition_is_read_from_its_entry_and_si_points_at_that_entry ... ok
test disk::tests::header_checks_version_and_size ... ok
test elf::tests::a_kernel_shaped_image_parses ... ok
test disk::tests::header_refuses_a_moved_layout ... ok
test elf::tests::empty_and_non_load_segments_are_skipped ... ok
test elf::tests::header_rejections ... ok
test disk::tests::stage1_table_writes_only_behind_its_magic ... ok
test disk::tests::sector_rounding ... ok
test elf::tests::placement_is_checked_against_the_map ... ok
test disk::tests::header_round_trips ... ok
test elf::tests::multiboot_header_checks ... ok
test elf::tests::segment_rejections ... ok
test handover::tests::the_kernel_reads_back_what_the_bios_reported ... ok
test memmap::tests::a_full_map_is_refused_not_truncated ... ok
test memmap::tests::disabled_24_byte_entries_are_ignored ... ok
test memmap::tests::e801_implies_three_regions_and_a_hole ... ok
test memmap::tests::multiboot_sizes ... ok
test memmap::tests::odd_entry_sizes_and_empty_entries ... ok
test memmap::tests::twenty_byte_entries_are_enabled ... ok
test memmap::tests::usability_spans_split_entries_and_respects_reservations ... ok
test handover::tests::the_largest_map_and_longest_line_fit_the_buffer_set_aside ... ok
test disk::tests::crc32_is_the_same_in_chunks ... ok
test elf::tests::streaming_copies_equal_whole_segment_copies ... ok

test result: ok. 26 passed; 0 failed; 0 ignored; 0 measured; 0 filtered out; finished in 0.00s


[36mtime[0m

running 30 tests
test clock::tests::backwards_steps_are_held_full ... ok
test clock::tests::backwards_steps_are_held_tiny ... ok
test clock::tests::max_idle_is_half_a_wrap ... ok
test clock::tests::one_second_is_a_second_full ... ok
test clock::tests::stray_high_bits_are_ignored_tiny ... ok
test clock::tests::one_second_is_a_second_tiny ... ok
test clock::tests::the_slow_path_is_exact_and_saturates ... ok
test clock::tests::the_scale_prefers_precision_within_its_range ... ok
test clock::tests::wrap_is_not_a_jump_tiny ... ok
test instant::tests::constructors_refuse_rather_than_wrap ... ok
test clock::tests::unusable_counters_are_refused ... ok
test clock::tests::peek_matches_advance_and_changes_nothing ... ok
test instant::tests::duration_arithmetic_is_checked ... ok
test instant::tests::duration_since_does_not_invent_negative_time ... ok
test instant::tests::instant_arithmetic_is_checked_at_both_ends ... ok
test clock::tests::small_steps_and_one_big_step_agree_full ... ok
test clock::tests::small_steps_and_one_big_step_agree_tiny ... ok
test clock::tests::wrap_is_not_a_jump_full ... ok
test timer::tests::a_stale_handle_cannot_cancel_the_slots_next_occupant ... ok
test timer::tests::timers_expire_in_deadline_order ... ok
test timer::tests::a_periodic_timer_at_the_end_of_time_disarms ... ok
test timer::tests::equal_deadlines_expire_in_arming_order ... ok
test timer::tests::serials_refuse_rather_than_wrap ... ok
test timer::tests::idle_budget_is_bounded_by_the_next_deadline_and_the_limit ... ok
test timer::tests::a_late_periodic_timer_skips_missed_periods_and_says_so ... ok
test timer::tests::a_zero_period_is_refused ... ok
test timer::tests::a_full_queue_reports_rather_than_overwrites ... ok
test timer::tests::cancel_removes_from_anywhere_in_the_heap ... ok
test timer::tests::periodic_deadlines_come_from_deadlines_not_from_service_times ... ok
test timer::tests::agrees_with_a_reference_model_under_random_operations ... ok

test result: ok. 30 passed; 0 failed; 0 ignored; 0 measured; 0 filtered out; finished in 0.06s


[36msched[0m

running 30 tests
test balance::tests::a_busy_last_cpu_loses_to_an_idle_one ... ok
test balance::tests::a_thread_goes_back_to_its_idle_last_cpu ... ok
test balance::tests::a_busy_cpu_pulls_only_across_a_margin_of_two ... ok
test balance::tests::a_reschedule_is_needed_only_where_the_thread_would_run_soon ... ok
test balance::tests::offline_cpus_take_nothing ... ok
test balance::tests::balancing_converges_instead_of_bouncing ... ok
test balance::tests::nothing_is_pulled_from_a_cpu_with_no_queue_or_by_an_offline_cpu ... ok
test balance::tests::the_busiest_source_wins_and_ties_go_low ... ok
test balance::tests::with_nothing_idle_a_thread_that_outranks_its_last_cpu_preempts_there ... ok
test balance::tests::affinity_is_never_overruled ... ok
test runqueue::tests::a_full_queue_reports_rather_than_overwrites ... ok
test runqueue::tests::a_busy_high_priority_thread_starves_lower_ones_by_design ... ok
test balance::tests::an_idle_cpu_pulls_any_waiting_thread ... ok
test balance::tests::otherwise_the_least_loaded_cpu_wins_and_last_breaks_ties ... ok
test runqueue::tests::a_thread_cannot_be_queued_twice ... ok
test runqueue::tests::an_empty_queue_has_nothing_to_run ... ok
test balance::tests::cpu_sets_hold_what_they_say ... ok
test runqueue::tests::enqueueing_after_removing_the_tail_still_appends_correctly ... ok
test runqueue::tests::equal_priorities_take_turns_in_arrival_order ... ok
test runqueue::tests::every_level_is_reachable ... ok
test runqueue::tests::freed_slots_are_reused ... ok
test runqueue::tests::iteration_follows_pick_order ... ok
test runqueue::tests::out_of_range_priorities_are_refused_not_clamped ... ok
test runqueue::tests::peek_does_not_consume ... ok
test runqueue::tests::re_enqueueing_after_running_gives_round_robin ... ok
test runqueue::tests::remove_from_the_head_middle_and_tail_of_a_level ... ok
test runqueue::tests::removing_an_absent_thread_is_an_error ... ok
test runqueue::tests::removing_the_last_thread_of_a_level_clears_it ... ok
test runqueue::tests::the_highest_priority_runs_first_regardless_of_arrival ... ok
test runqueue::tests::a_long_random_workload_never_loses_or_duplicates_a_thread ... ok

test result: ok. 30 passed; 0 failed; 0 ignored; 0 measured; 0 filtered out; finished in 0.01s


[36mthread[0m

running 28 tests
test tests::a_full_table_refuses_new_threads ... ok
test tests::a_thread_below_what_its_cpu_runs_does_not_ask_for_a_reschedule ... ok
test tests::a_corrupted_queue_trips_the_self_switch_guard_instead_of_switching ... ok
test tests::a_long_random_workload_keeps_every_invariant ... ok
test tests::a_new_table_holds_only_the_running_thread ... ok
test tests::a_running_or_ready_thread_cannot_be_reaped ... ok
test tests::a_lower_priority_thread_does_not_get_a_yielded_cpu ... ok
test tests::a_long_random_smp_workload_keeps_every_invariant ... ok
test tests::a_table_built_in_place_is_the_table_new_builds ... ok
test tests::a_stack_too_small_for_the_architecture_is_refused ... ok
test tests::a_woken_thread_is_placed_on_an_idle_cpu_and_asks_for_it ... ok
test tests::repeated_yields_round_robin_through_equal_peers ... ok
test tests::affinity_is_respected_by_placement_yield_and_balance ... ok
test tests::a_blocked_thread_leaves_the_queue_and_is_not_resumed_until_woken ... ok
test tests::yielding_hands_the_cpu_to_a_ready_peer_and_requeues_itself ... ok
test tests::an_exited_thread_is_never_resumed_and_can_be_reaped ... ok
test tests::yielding_with_nothing_else_ready_does_not_switch ... ok
test tests::cpus_join_by_adoption_and_only_once ... ok
test tests::each_cpu_picks_only_from_its_own_queue ... ok
test tests::idle_cpus_pull_waiting_threads_until_the_load_is_even ... ok
test tests::idle_threads_are_neither_load_nor_migrated ... ok
test tests::only_a_thread_that_is_not_running_exposes_its_context ... ok
test tests::reaped_slots_are_reused_and_ids_are_not ... ok
test tests::a_yield_that_moves_a_thread_names_the_cpu_to_interrupt ... ok
test tests::spawned_threads_are_ready_and_queued_not_running ... ok
test tests::waking_a_thread_that_is_not_blocked_is_an_error ... ok
test tests::blocking_the_only_runnable_thread_is_refused ... ok
test tests::contended_means_a_yield_would_switch ... ok

test result: ok. 28 passed; 0 failed; 0 ignored; 0 measured; 0 filtered out; finished in 0.12s


[36muart16550[0m

running 4 tests
test tests::divisors_the_latch_can_make ... ok
test tests::out2_is_set_or_no_interrupt_reaches_the_board ... ok
test tests::divisors_the_latch_cannot_make ... ok
test tests::the_chosen_rate_is_the_early_consoles ... ok

test result: ok. 4 passed; 0 failed; 0 ignored; 0 measured; 0 filtered out; finished in 0.00s


[36mvirtio-net[0m

running 16 tests
test tests::a_block_device_is_not_driven_as_a_card ... ok
test tests::a_refused_vector_fails_bring_up ... ok
test tests::a_card_that_offers_no_address_gets_a_locally_administered_one ... ok
test tests::a_completion_naming_a_buffer_not_given_completes_nothing ... ok
test tests::a_completion_too_short_to_be_a_frame_is_dropped_and_the_buffer_reposted ... ok
test tests::a_received_frame_comes_out_and_its_buffer_goes_back_to_the_card ... ok
test tests::a_legacy_card_is_refused ... ok
test tests::a_sent_frame_reaches_the_card_behind_a_zero_header ... ok
test tests::bring_up_reads_the_address_and_posts_every_receive_buffer ... ok
test tests::frames_of_the_wrong_length_are_refused ... ok
test tests::frames_come_out_in_the_order_the_card_completed_them ... ok
test tests::a_full_transmit_queue_is_an_error_until_the_card_catches_up ... ok
test tests::without_a_vector_the_queues_keep_none ... ok
test tests::the_stack_resolves_its_gateway_through_the_card ... ok
test tests::in_interrupt_mode_only_the_handler_collects ... ok
test tests::on_msix_both_queues_take_the_vector_and_the_status_register_is_not_read ... ok

test result: ok. 16 passed; 0 failed; 0 ignored; 0 measured; 0 filtered out; finished in 0.00s


[36mvfsproto[0m

running 4 tests
test tests::a_reply_reads_back_as_itself ... ok
test tests::a_request_reads_back_as_itself ... ok
test tests::malformed_messages_are_refused_not_guessed ... ok
test tests::nothing_larger_than_one_message_is_built ... ok

test result: ok. 4 passed; 0 failed; 0 ignored; 0 measured; 0 filtered out; finished in 0.00s


[36mvirtio-probe[0m

running 7 tests
test tests::a_message_that_is_not_a_report_is_refused ... ok
test tests::a_report_survives_the_wire ... ok
test tests::a_window_too_small_for_the_registers_is_an_error_not_a_guess ... ok
test tests::an_empty_slot_is_virtio_but_not_occupied ... ok
test tests::it_reads_the_four_identification_registers ... ok
test tests::memory_that_is_not_a_slot_is_not_virtio ... ok
test tests::repeated_reads_return_the_same_report ... ok

test result: ok. 7 passed; 0 failed; 0 ignored; 0 measured; 0 filtered out; finished in 0.00s


[36mlinux[0m

running 7 tests
test tests::errors_travel_as_negated_linux_numbers ... ok
test tests::a_stack_too_small_or_a_string_with_a_nul_is_refused ... ok
test tests::a_start_up_stack_reads_back_as_linux_start_up_code_reads_it ... ok
test tests::stat_and_utsname_have_linux_layouts ... ok
test tests::the_stack_pointer_is_aligned_whatever_the_strings_add_up_to ... ok
test tests::the_table_names_an_unimplemented_call_and_not_an_absent_number ... ok
test tests::every_dispatched_number_has_the_name_the_table_gives_it ... ok

test result: ok. 7 passed; 0 failed; 0 ignored; 0 measured; 0 filtered out; finished in 0.00s


[36mvtd[0m

running 14 tests
test tests::bring_up_reads_the_address_width_and_refuses_a_narrow_unit ... ok
test tests::invalidation_clears_the_command_bits ... ok
test tests::enable_latches_the_root_table_and_turns_translation_on ... ok
test tests::a_misaligned_map_is_refused ... ok
test tests::running_out_of_frames_is_an_error_not_a_panic ... ok
test tests::the_fault_log_reports_the_address_and_device_and_then_is_empty ... ok
test tests::attach_builds_the_root_and_context_entries_for_a_device ... ok
test tests::a_superpage_can_be_unmapped_and_split_regions_still_translate ... ok
test tests::a_two_megabyte_aligned_range_uses_superpages_and_costs_few_frames ... ok
test tests::a_domain_remaps_an_iova_to_a_different_physical_page ... ok
test tests::a_mapped_page_translates_and_an_unmapped_one_faults ... ok
test tests::a_read_only_grant_is_not_writable ... ok
test tests::two_devices_on_one_bus_share_a_context_table ... ok
test tests::unmapping_makes_an_address_fault_again ... ok

test result: ok. 14 passed; 0 failed; 0 ignored; 0 measured; 0 filtered out; finished in 0.00s


[36mpl011[0m

running 2 tests
test tests::divisors_for_the_clocks_boards_use ... ok
test tests::divisors_that_cannot_be_programmed ... ok

test result: ok. 2 passed; 0 failed; 0 ignored; 0 measured; 0 filtered out; finished in 0.00s


41 unit(s): [32m39 passed[0m, 2 failed
[31merror[0m: 2 unit(s) had failing tests
